Starting Container

npm warn config production Use `--omit=dev` instead.

 

> rest-express@1.0.0 start

> NODE_ENV=production node dist/index.js

 

8:22:56 AM [express] Failed to start server: [object Object]

npm warn config production Use `--omit=dev` instead.

 

> rest-express@1.0.0 start

> NODE_ENV=production node dist/index.js

 

8:22:59 AM [express] Failed to start server: [object Object]

npm warn config production Use `--omit=dev` instead.

 

> rest-express@1.0.0 start

> NODE_ENV=production node dist/index.js

 

8:23:03 AM [express] Failed to start server: [object Object]

npm warn config production Use `--omit=dev` instead.

 

> rest-express@1.0.0 start

> NODE_ENV=production node dist/index.js

 

8:23:06 AM [express] Failed to start server: [object Object]

npm warn config production Use `--omit=dev` instead.

 

> rest-express@1.0.0 start

> NODE_ENV=production node dist/index.js

 

8:23:09 AM [express] Failed to start server: [object Object]

npm warn config production Use `--omit=dev` instead.

 

> rest-express@1.0.0 start

> NODE_ENV=production node dist/index.js

 

npm warn config production Use `--omit=dev` instead.

 

> rest-express@1.0.0 start

> NODE_ENV=production node dist/index.js

 

8:23:13 AM [express] Failed to start server: [object Object]

8:23:17 AM [express] Failed to start server: [object Object]

npm warn config production Use `--omit=dev` instead.

 

> rest-express@1.0.0 start

> NODE_ENV=production node dist/index.js

 

8:23:20 AM [express] Failed to start server: [object Object]

npm warn config production Use `--omit=dev` instead.

 

> rest-express@1.0.0 start

> NODE_ENV=production node dist/index.js

 

8:23:23 AM [express] Failed to start server: [object Object]

npm warn config production Use `--omit=dev` instead.

 

> rest-express@1.0.0 start

> NODE_ENV=production node dist/index.js

 

8:23:26 AM [express] Failed to start server: [object Object]

npm warn config production Use `--omit=dev` instead.
